// Jest Snapshot v1, https://jestjs.io/docs/snapshot-testing

exports[`ImageView should render with only required props, and have standard props; className, style and ref props working as expected 1`] = `
<div>
  <img
    class="Root fit placeholder"
    src="https://picsum.photos/seed/motifui/200"
    style="width: auto; height: auto; object-position: top left;"
  />
</div>
`;
