// Jest Snapshot v1, https://jestjs.io/docs/snapshot-testing

exports[`Panel should be rendered with only required props and should have default prop values stated here 1`] = `
<div>
  <div
    class="Root default"
  >
    <h4
      class="title title-md"
    >
       
      title
    </h4>
  </div>
</div>
`;
