// Jest Snapshot v1, https://jestjs.io/docs/snapshot-testing

exports[`InputDateRange should be rendered with only required props and should have default prop values stated here 1`] = `
<div>
  <div
    class="Root"
  >
    <div
      class="Root md has-icon-left"
      data-testid="inputItem"
    >
      <span
        class="Root md motifIconsDefault icon icon-left"
      >
        calendar_expand_horizontal
      </span>
      <input
        placeholder="__ / __ / ____ ⮕ __ / __ / ____"
        readonly=""
        value=""
      />
    </div>
  </div>
</div>
`;
