// Jest Snapshot v1, https://jestjs.io/docs/snapshot-testing

exports[`TimePicker should be rendered with only required props and should have default prop values stated here 1`] = `
<div>
  <div
    class="Root md borderless mtf-TimePicker"
    data-testid="Picker"
  >
    <div
      class="md"
    >
      <div
        class="timeLabel"
        data-testid="timeInfo"
      >
        <span>
          __
        </span>
         : 
        <span>
          __
        </span>
      </div>
      <div
        class="abbrContainer"
      >
        <span>
          Sa
        </span>
        <span>
          Da
        </span>
      </div>
      <div
        class="stripeContainer"
        data-testid="timeStripeContainer"
      >
        <ul
          class="timeStripe"
        >
          <li>
            <button
              type="button"
            >
              00
            </button>
          </li>
          <li>
            <button
              type="button"
            >
              01
            </button>
          </li>
          <li>
            <button
              type="button"
            >
              02
            </button>
          </li>
          <li>
            <button
              type="button"
            >
              03
            </button>
          </li>
          <li>
            <button
              type="button"
            >
              04
            </button>
          </li>
          <li>
            <button
              type="button"
            >
              05
            </button>
          </li>
          <li>
            <button
              type="button"
            >
              06
            </button>
          </li>
          <li>
            <button
              type="button"
            >
              07
            </button>
          </li>
          <li>
            <button
              type="button"
            >
              08
            </button>
          </li>
          <li>
            <button
              type="button"
            >
              09
            </button>
          </li>
          <li>
            <button
              type="button"
            >
              10
            </button>
          </li>
          <li>
            <button
              type="button"
            >
              11
            </button>
          </li>
          <li>
            <button
              type="button"
            >
              12
            </button>
          </li>
          <li>
            <button
              type="button"
            >
              13
            </button>
          </li>
          <li>
            <button
              type="button"
            >
              14
            </button>
          </li>
          <li>
            <button
              type="button"
            >
              15
            </button>
          </li>
          <li>
            <button
              type="button"
            >
              16
            </button>
          </li>
          <li>
            <button
              type="button"
            >
              17
            </button>
          </li>
          <li>
            <button
              type="button"
            >
              18
            </button>
          </li>
          <li>
            <button
              type="button"
            >
              19
            </button>
          </li>
          <li>
            <button
              type="button"
            >
              20
            </button>
          </li>
          <li>
            <button
              type="button"
            >
              21
            </button>
          </li>
          <li>
            <button
              type="button"
            >
              22
            </button>
          </li>
          <li>
            <button
              type="button"
            >
              23
            </button>
          </li>
        </ul>
        <ul
          class="timeStripe"
        >
          <li>
            <button
              type="button"
            >
              00
            </button>
          </li>
          <li>
            <button
              type="button"
            >
              01
            </button>
          </li>
          <li>
            <button
              type="button"
            >
              02
            </button>
          </li>
          <li>
            <button
              type="button"
            >
              03
            </button>
          </li>
          <li>
            <button
              type="button"
            >
              04
            </button>
          </li>
          <li>
            <button
              type="button"
            >
              05
            </button>
          </li>
          <li>
            <button
              type="button"
            >
              06
            </button>
          </li>
          <li>
            <button
              type="button"
            >
              07
            </button>
          </li>
          <li>
            <button
              type="button"
            >
              08
            </button>
          </li>
          <li>
            <button
              type="button"
            >
              09
            </button>
          </li>
          <li>
            <button
              type="button"
            >
              10
            </button>
          </li>
          <li>
            <button
              type="button"
            >
              11
            </button>
          </li>
          <li>
            <button
              type="button"
            >
              12
            </button>
          </li>
          <li>
            <button
              type="button"
            >
              13
            </button>
          </li>
          <li>
            <button
              type="button"
            >
              14
            </button>
          </li>
          <li>
            <button
              type="button"
            >
              15
            </button>
          </li>
          <li>
            <button
              type="button"
            >
              16
            </button>
          </li>
          <li>
            <button
              type="button"
            >
              17
            </button>
          </li>
          <li>
            <button
              type="button"
            >
              18
            </button>
          </li>
          <li>
            <button
              type="button"
            >
              19
            </button>
          </li>
          <li>
            <button
              type="button"
            >
              20
            </button>
          </li>
          <li>
            <button
              type="button"
            >
              21
            </button>
          </li>
          <li>
            <button
              type="button"
            >
              22
            </button>
          </li>
          <li>
            <button
              type="button"
            >
              23
            </button>
          </li>
          <li>
            <button
              type="button"
            >
              24
            </button>
          </li>
          <li>
            <button
              type="button"
            >
              25
            </button>
          </li>
          <li>
            <button
              type="button"
            >
              26
            </button>
          </li>
          <li>
            <button
              type="button"
            >
              27
            </button>
          </li>
          <li>
            <button
              type="button"
            >
              28
            </button>
          </li>
          <li>
            <button
              type="button"
            >
              29
            </button>
          </li>
          <li>
            <button
              type="button"
            >
              30
            </button>
          </li>
          <li>
            <button
              type="button"
            >
              31
            </button>
          </li>
          <li>
            <button
              type="button"
            >
              32
            </button>
          </li>
          <li>
            <button
              type="button"
            >
              33
            </button>
          </li>
          <li>
            <button
              type="button"
            >
              34
            </button>
          </li>
          <li>
            <button
              type="button"
            >
              35
            </button>
          </li>
          <li>
            <button
              type="button"
            >
              36
            </button>
          </li>
          <li>
            <button
              type="button"
            >
              37
            </button>
          </li>
          <li>
            <button
              type="button"
            >
              38
            </button>
          </li>
          <li>
            <button
              type="button"
            >
              39
            </button>
          </li>
          <li>
            <button
              type="button"
            >
              40
            </button>
          </li>
          <li>
            <button
              type="button"
            >
              41
            </button>
          </li>
          <li>
            <button
              type="button"
            >
              42
            </button>
          </li>
          <li>
            <button
              type="button"
            >
              43
            </button>
          </li>
          <li>
            <button
              type="button"
            >
              44
            </button>
          </li>
          <li>
            <button
              type="button"
            >
              45
            </button>
          </li>
          <li>
            <button
              type="button"
            >
              46
            </button>
          </li>
          <li>
            <button
              type="button"
            >
              47
            </button>
          </li>
          <li>
            <button
              type="button"
            >
              48
            </button>
          </li>
          <li>
            <button
              type="button"
            >
              49
            </button>
          </li>
          <li>
            <button
              type="button"
            >
              50
            </button>
          </li>
          <li>
            <button
              type="button"
            >
              51
            </button>
          </li>
          <li>
            <button
              type="button"
            >
              52
            </button>
          </li>
          <li>
            <button
              type="button"
            >
              53
            </button>
          </li>
          <li>
            <button
              type="button"
            >
              54
            </button>
          </li>
          <li>
            <button
              type="button"
            >
              55
            </button>
          </li>
          <li>
            <button
              type="button"
            >
              56
            </button>
          </li>
          <li>
            <button
              type="button"
            >
              57
            </button>
          </li>
          <li>
            <button
              type="button"
            >
              58
            </button>
          </li>
          <li>
            <button
              type="button"
            >
              59
            </button>
          </li>
        </ul>
      </div>
      <div
        class="actions actionsSpread"
      >
        <button
          class="Root secondary solid md"
          type="button"
        >
          <span>
            Clear
          </span>
        </button>
        <button
          class="Root primary solid md"
          type="button"
        >
          <span>
            OK
          </span>
        </button>
      </div>
    </div>
  </div>
</div>
`;
