// Jest Snapshot v1, https://jestjs.io/docs/snapshot-testing

exports[`Slider should be rendered with only required props and should have default prop values stated here 1`] = `
<div>
  <div
    class="Root primary md"
    data-testid="slider"
  >
    <div
      class="track"
    />
    <div
      class="fill"
      style="left: 0%; width: 0%;"
    />
    <div
      class="mRangeContainer"
      style="width: calc(100% + 20px); left: calc(0% - 10px);"
    >
      <input
        class="mRange"
        max="100"
        min="0"
        step="1"
        type="range"
        value="0"
      />
      <div
        class="tooltip"
        style="left: calc(0% + 10px);"
      >
        0
      </div>
    </div>
  </div>
</div>
`;
