// Jest Snapshot v1, https://jestjs.io/docs/snapshot-testing

exports[`InputPassword should be rendered with only required props 1`] = `
<div>
  <div
    class="Root md clearable"
    data-testid="inputItem"
  >
    <span
      class="Root md motifIconsDefault icon"
      lang="en"
      translate="no"
    >
      vpn_key
    </span>
    <div
      class="inputWrapper"
    >
      <input
        type="password"
        value=""
      />
    </div>
  </div>
</div>
`;
