// Jest Snapshot v1, https://jestjs.io/docs/snapshot-testing

exports[`Switch should render with only required props, have default prop values stated here, and have standard props; className, style and ref props working as expected 1`] = `
<div>
  <div
    class="Root md"
  >
    <input
      data-testid="switchItem"
      id="_r_0_"
      type="checkbox"
    />
    <span
      class="slider"
      data-testid="switchSliderItem"
    />
  </div>
</div>
`;
