// Jest Snapshot v1, https://jestjs.io/docs/snapshot-testing

exports[`PinCode should render with only required props and have default prop values stated here 1`] = `
<div>
  <div
    class="Root md"
    data-testid="pinCode"
  >
    <div
      class="Root input"
      data-testid="inputItem"
    >
      <input
        maxlength="1"
        type="text"
        value=""
      />
    </div>
    <div
      class="Root input"
      data-testid="inputItem"
    >
      <input
        maxlength="1"
        type="password"
        value=""
      />
    </div>
  </div>
</div>
`;
