// Jest Snapshot v1, https://jestjs.io/docs/snapshot-testing

exports[`InputTime should be rendered with only required props and should have default prop values stated here 1`] = `
<div>
  <div
    class="Root"
  >
    <div
      class="Root md"
      data-testid="inputItem"
    >
      <span
        class="Root md motifIconsDefault icon"
      >
        schedule
      </span>
      <input
        placeholder="__:__"
        readonly=""
        value=""
      />
    </div>
  </div>
</div>
`;
