// Jest Snapshot v1, https://jestjs.io/docs/snapshot-testing

exports[`DatePicker should be rendered with only required props and should have default prop values stated here 1`] = `
<div>
  <div
    class="Root md borderless mtf-DatePicker"
    data-testid="Picker"
  >
    <div
      class="dateSelector md"
    >
      <div
        class="daySelector md"
      >
        <div
          class="header"
        >
          <button
            class="arrowButton"
            type="button"
          >
            <span
              class="Root md motifIconsDefault"
            >
              arrow_back
            </span>
          </button>
          <div
            class="headerMonthYearButtonContainer"
          >
            <button
              type="button"
            >
              Şubat
            </button>
            <button
              type="button"
            >
              2000
            </button>
          </div>
          <button
            class="arrowButton"
            type="button"
          >
            <span
              class="Root md motifIconsDefault"
            >
              arrow_forward
            </span>
          </button>
        </div>
        <div
          class="weekDays"
        >
          <span>
            Pt
          </span>
          <span>
            Sa
          </span>
          <span>
            Çr
          </span>
          <span>
            Pe
          </span>
          <span>
            Cu
          </span>
          <span>
            Ct
          </span>
          <span>
            Pz
          </span>
        </div>
        <div
          class="days"
          data-testid="DatePickerDayContainer"
        >
          <button
            data-date="949276800000"
            disabled=""
            type="button"
          >
            31
          </button>
          <button
            data-date="949363200000"
            type="button"
          >
            1
          </button>
          <button
            data-date="949449600000"
            type="button"
          >
            2
          </button>
          <button
            data-date="949536000000"
            type="button"
          >
            3
          </button>
          <button
            data-date="949622400000"
            type="button"
          >
            4
          </button>
          <button
            data-date="949708800000"
            type="button"
          >
            5
          </button>
          <button
            data-date="949795200000"
            type="button"
          >
            6
          </button>
          <button
            data-date="949881600000"
            type="button"
          >
            7
          </button>
          <button
            data-date="949968000000"
            type="button"
          >
            8
          </button>
          <button
            data-date="950054400000"
            type="button"
          >
            9
          </button>
          <button
            data-date="950140800000"
            type="button"
          >
            10
          </button>
          <button
            data-date="950227200000"
            type="button"
          >
            11
          </button>
          <button
            data-date="950313600000"
            type="button"
          >
            12
          </button>
          <button
            data-date="950400000000"
            type="button"
          >
            13
          </button>
          <button
            data-date="950486400000"
            type="button"
          >
            14
          </button>
          <button
            class="selected"
            data-date="950572800000"
            type="button"
          >
            15
          </button>
          <button
            data-date="950659200000"
            type="button"
          >
            16
          </button>
          <button
            data-date="950745600000"
            type="button"
          >
            17
          </button>
          <button
            data-date="950832000000"
            type="button"
          >
            18
          </button>
          <button
            data-date="950918400000"
            type="button"
          >
            19
          </button>
          <button
            data-date="951004800000"
            type="button"
          >
            20
          </button>
          <button
            data-date="951091200000"
            type="button"
          >
            21
          </button>
          <button
            data-date="951177600000"
            type="button"
          >
            22
          </button>
          <button
            data-date="951264000000"
            type="button"
          >
            23
          </button>
          <button
            data-date="951350400000"
            type="button"
          >
            24
          </button>
          <button
            data-date="951436800000"
            type="button"
          >
            25
          </button>
          <button
            data-date="951523200000"
            type="button"
          >
            26
          </button>
          <button
            data-date="951609600000"
            type="button"
          >
            27
          </button>
          <button
            data-date="951696000000"
            type="button"
          >
            28
          </button>
          <button
            data-date="951782400000"
            type="button"
          >
            29
          </button>
          <button
            data-date="951868800000"
            disabled=""
            type="button"
          >
            1
          </button>
          <button
            data-date="951955200000"
            disabled=""
            type="button"
          >
            2
          </button>
          <button
            data-date="952041600000"
            disabled=""
            type="button"
          >
            3
          </button>
          <button
            data-date="952128000000"
            disabled=""
            type="button"
          >
            4
          </button>
          <button
            data-date="952214400000"
            disabled=""
            type="button"
          >
            5
          </button>
        </div>
      </div>
    </div>
    <div
      class="actions"
    >
      <button
        class="Root secondary solid md"
        type="button"
      >
        <span>
          Clear
        </span>
      </button>
      <button
        class="Root primary solid md"
        type="button"
      >
        <span>
          OK
        </span>
      </button>
    </div>
  </div>
</div>
`;
