// Jest Snapshot v1, https://jestjs.io/docs/snapshot-testing

exports[`BusinessCard should render with only required props, have default prop values stated here, and have standard props; className, style and ref props working as expected 1`] = `
<div>
  <div
    class="Root neutral center"
  />
</div>
`;
