// Jest Snapshot v1, https://jestjs.io/docs/snapshot-testing

exports[`Alert should render with only required props, have default prop values stated here, and have standard props; className, style and ref props working as expected 1`] = `
<div>
  <div
    class="Root secondary"
  >
    <span
      class="Root lg secondary motifIconsDefault"
      lang="en"
      translate="no"
    >
      info
    </span>
    <div
      class="contentBox"
    >
      <span
        class="message"
      >
        This is a test message
      </span>
    </div>
  </div>
</div>
`;
