// Jest Snapshot v1, https://jestjs.io/docs/snapshot-testing

exports[`UploadList should be rendered with only required props 1`] = `
<div>
  <div
    class="Root md"
  >
    <div
      class="dragArea"
    >
      <button
        class="Root primary solid md"
        type="button"
      >
        <span>
          Browse..
        </span>
      </button>
      <span
        class="infoText"
      >
        Drop the files you want to upload here
      </span>
    </div>
  </div>
  <input
    accept="*"
    hidden=""
    type="file"
  />
</div>
`;
