// Jest Snapshot v1, https://jestjs.io/docs/snapshot-testing

exports[`Modal should be rendered with only required props and should have default prop values 1`] = `
<div
  class="Root show md"
  data-testid="modalBackdrop"
>
  <div
    class="modal"
  >
    <div
      class="content"
    >
       
      Test content
    </div>
  </div>
</div>
`;
