// Jest Snapshot v1, https://jestjs.io/docs/snapshot-testing

exports[`DateRangePicker should be rendered with only required props and should have default prop values stated here 1`] = `
<div>
  <div
    class="Root md borderless wide mtf-DateRangePicker"
    data-testid="Picker"
  >
    <div
      class="rangeSelector md"
    >
      <div
        class="selectionBar"
      >
        <div
          class="Root md secondary solid"
          data-testid="Dropdown"
        >
          <button
            class="Button"
            type="button"
          >
            <span>
              Lütfen seçiniz
            </span>
            <span
              class="Root md motifIconsDefault Button-DropdownIcon"
            >
              arrow_drop_down
            </span>
          </button>
        </div>
        <div
          class="Root md has-icon-left"
          data-testid="inputItem"
        >
          <span
            class="Root md motifIconsDefault icon icon-left"
          >
            calendar_month
          </span>
          <input
            maxlength="10"
            name="_r_0_"
            placeholder="__ / __ / ____"
            value="15/02/2000"
          />
        </div>
        <div
          class="Root md has-icon-left"
          data-testid="inputItem"
        >
          <span
            class="Root md motifIconsDefault icon icon-left"
          >
            calendar_month
          </span>
          <input
            maxlength="10"
            name="_r_1_"
            placeholder="__ / __ / ____"
            value="18/02/2000"
          />
        </div>
      </div>
      <div
        class="datePickers"
        data-testid="DateRangePickerContainer"
      >
        <div
          class="daySelector md"
        >
          <div
            class="header"
          >
            <div
              class="headerMonthYearButtonContainer"
            >
              <button
                disabled=""
                type="button"
              >
                Ocak
              </button>
              <button
                disabled=""
                type="button"
              >
                2000
              </button>
            </div>
          </div>
          <div
            class="weekDays"
          >
            <span>
              Pt
            </span>
            <span>
              Sa
            </span>
            <span>
              Çr
            </span>
            <span>
              Pe
            </span>
            <span>
              Cu
            </span>
            <span>
              Ct
            </span>
            <span>
              Pz
            </span>
          </div>
          <div
            class="days"
            data-testid="DatePickerDayContainer"
          >
            <button
              data-date=""
              disabled=""
              type="button"
            />
            <button
              data-date=""
              disabled=""
              type="button"
            />
            <button
              data-date=""
              disabled=""
              type="button"
            />
            <button
              data-date=""
              disabled=""
              type="button"
            />
            <button
              data-date=""
              disabled=""
              type="button"
            />
            <button
              data-date="946684800000"
              type="button"
            >
              1
            </button>
            <button
              data-date="946771200000"
              type="button"
            >
              2
            </button>
            <button
              data-date="946857600000"
              type="button"
            >
              3
            </button>
            <button
              data-date="946944000000"
              type="button"
            >
              4
            </button>
            <button
              data-date="947030400000"
              type="button"
            >
              5
            </button>
            <button
              data-date="947116800000"
              type="button"
            >
              6
            </button>
            <button
              data-date="947203200000"
              type="button"
            >
              7
            </button>
            <button
              data-date="947289600000"
              type="button"
            >
              8
            </button>
            <button
              data-date="947376000000"
              type="button"
            >
              9
            </button>
            <button
              data-date="947462400000"
              type="button"
            >
              10
            </button>
            <button
              data-date="947548800000"
              type="button"
            >
              11
            </button>
            <button
              data-date="947635200000"
              type="button"
            >
              12
            </button>
            <button
              data-date="947721600000"
              type="button"
            >
              13
            </button>
            <button
              data-date="947808000000"
              type="button"
            >
              14
            </button>
            <button
              data-date="947894400000"
              type="button"
            >
              15
            </button>
            <button
              data-date="947980800000"
              type="button"
            >
              16
            </button>
            <button
              data-date="948067200000"
              type="button"
            >
              17
            </button>
            <button
              data-date="948153600000"
              type="button"
            >
              18
            </button>
            <button
              data-date="948240000000"
              type="button"
            >
              19
            </button>
            <button
              data-date="948326400000"
              type="button"
            >
              20
            </button>
            <button
              data-date="948412800000"
              type="button"
            >
              21
            </button>
            <button
              data-date="948499200000"
              type="button"
            >
              22
            </button>
            <button
              data-date="948585600000"
              type="button"
            >
              23
            </button>
            <button
              data-date="948672000000"
              type="button"
            >
              24
            </button>
            <button
              data-date="948758400000"
              type="button"
            >
              25
            </button>
            <button
              data-date="948844800000"
              type="button"
            >
              26
            </button>
            <button
              data-date="948931200000"
              type="button"
            >
              27
            </button>
            <button
              data-date="949017600000"
              type="button"
            >
              28
            </button>
            <button
              data-date="949104000000"
              type="button"
            >
              29
            </button>
            <button
              data-date="949190400000"
              type="button"
            >
              30
            </button>
            <button
              data-date="949276800000"
              type="button"
            >
              31
            </button>
            <button
              data-date=""
              disabled=""
              type="button"
            />
            <button
              data-date=""
              disabled=""
              type="button"
            />
            <button
              data-date=""
              disabled=""
              type="button"
            />
            <button
              data-date=""
              disabled=""
              type="button"
            />
            <button
              data-date=""
              disabled=""
              type="button"
            />
            <button
              data-date=""
              disabled=""
              type="button"
            />
          </div>
        </div>
        <div
          class="daySelector md"
        >
          <div
            class="header"
          >
            <button
              class="arrowButton"
              type="button"
            >
              <span
                class="Root md motifIconsDefault"
              >
                arrow_back
              </span>
            </button>
            <div
              class="headerMonthYearButtonContainer"
            >
              <button
                disabled=""
                type="button"
              >
                Şubat
              </button>
              <button
                disabled=""
                type="button"
              >
                2000
              </button>
            </div>
          </div>
          <div
            class="weekDays"
          >
            <span>
              Pt
            </span>
            <span>
              Sa
            </span>
            <span>
              Çr
            </span>
            <span>
              Pe
            </span>
            <span>
              Cu
            </span>
            <span>
              Ct
            </span>
            <span>
              Pz
            </span>
          </div>
          <div
            class="days"
            data-testid="DatePickerDayContainer"
          >
            <button
              data-date=""
              disabled=""
              type="button"
            />
            <button
              data-date="949363200000"
              type="button"
            >
              1
            </button>
            <button
              data-date="949449600000"
              type="button"
            >
              2
            </button>
            <button
              data-date="949536000000"
              type="button"
            >
              3
            </button>
            <button
              data-date="949622400000"
              type="button"
            >
              4
            </button>
            <button
              data-date="949708800000"
              type="button"
            >
              5
            </button>
            <button
              data-date="949795200000"
              type="button"
            >
              6
            </button>
            <button
              data-date="949881600000"
              type="button"
            >
              7
            </button>
            <button
              data-date="949968000000"
              type="button"
            >
              8
            </button>
            <button
              data-date="950054400000"
              type="button"
            >
              9
            </button>
            <button
              data-date="950140800000"
              type="button"
            >
              10
            </button>
            <button
              data-date="950227200000"
              type="button"
            >
              11
            </button>
            <button
              data-date="950313600000"
              type="button"
            >
              12
            </button>
            <button
              data-date="950400000000"
              type="button"
            >
              13
            </button>
            <button
              data-date="950486400000"
              type="button"
            >
              14
            </button>
            <button
              class="toRight selected"
              data-date="950572800000"
              type="button"
            >
              15
            </button>
            <button
              class="partiallySelected"
              data-date="950659200000"
              type="button"
            >
              16
            </button>
            <button
              class="partiallySelected"
              data-date="950745600000"
              type="button"
            >
              17
            </button>
            <button
              class="toLeft selected"
              data-date="950832000000"
              type="button"
            >
              18
            </button>
            <button
              data-date="950918400000"
              type="button"
            >
              19
            </button>
            <button
              data-date="951004800000"
              type="button"
            >
              20
            </button>
            <button
              data-date="951091200000"
              type="button"
            >
              21
            </button>
            <button
              data-date="951177600000"
              type="button"
            >
              22
            </button>
            <button
              data-date="951264000000"
              type="button"
            >
              23
            </button>
            <button
              data-date="951350400000"
              type="button"
            >
              24
            </button>
            <button
              data-date="951436800000"
              type="button"
            >
              25
            </button>
            <button
              data-date="951523200000"
              type="button"
            >
              26
            </button>
            <button
              data-date="951609600000"
              type="button"
            >
              27
            </button>
            <button
              data-date="951696000000"
              type="button"
            >
              28
            </button>
            <button
              data-date="951782400000"
              type="button"
            >
              29
            </button>
            <button
              data-date=""
              disabled=""
              type="button"
            />
            <button
              data-date=""
              disabled=""
              type="button"
            />
            <button
              data-date=""
              disabled=""
              type="button"
            />
            <button
              data-date=""
              disabled=""
              type="button"
            />
            <button
              data-date=""
              disabled=""
              type="button"
            />
          </div>
        </div>
        <div
          class="daySelector md"
        >
          <div
            class="header"
          >
            <div
              class="headerMonthYearButtonContainer"
            >
              <button
                disabled=""
                type="button"
              >
                Mart
              </button>
              <button
                disabled=""
                type="button"
              >
                2000
              </button>
            </div>
            <button
              class="arrowButton"
              type="button"
            >
              <span
                class="Root md motifIconsDefault"
              >
                arrow_forward
              </span>
            </button>
          </div>
          <div
            class="weekDays"
          >
            <span>
              Pt
            </span>
            <span>
              Sa
            </span>
            <span>
              Çr
            </span>
            <span>
              Pe
            </span>
            <span>
              Cu
            </span>
            <span>
              Ct
            </span>
            <span>
              Pz
            </span>
          </div>
          <div
            class="days"
            data-testid="DatePickerDayContainer"
          >
            <button
              data-date=""
              disabled=""
              type="button"
            />
            <button
              data-date=""
              disabled=""
              type="button"
            />
            <button
              data-date="951868800000"
              type="button"
            >
              1
            </button>
            <button
              data-date="951955200000"
              type="button"
            >
              2
            </button>
            <button
              data-date="952041600000"
              type="button"
            >
              3
            </button>
            <button
              data-date="952128000000"
              type="button"
            >
              4
            </button>
            <button
              data-date="952214400000"
              type="button"
            >
              5
            </button>
            <button
              data-date="952300800000"
              type="button"
            >
              6
            </button>
            <button
              data-date="952387200000"
              type="button"
            >
              7
            </button>
            <button
              data-date="952473600000"
              type="button"
            >
              8
            </button>
            <button
              data-date="952560000000"
              type="button"
            >
              9
            </button>
            <button
              data-date="952646400000"
              type="button"
            >
              10
            </button>
            <button
              data-date="952732800000"
              type="button"
            >
              11
            </button>
            <button
              data-date="952819200000"
              type="button"
            >
              12
            </button>
            <button
              data-date="952905600000"
              type="button"
            >
              13
            </button>
            <button
              data-date="952992000000"
              type="button"
            >
              14
            </button>
            <button
              data-date="953078400000"
              type="button"
            >
              15
            </button>
            <button
              data-date="953164800000"
              type="button"
            >
              16
            </button>
            <button
              data-date="953251200000"
              type="button"
            >
              17
            </button>
            <button
              data-date="953337600000"
              type="button"
            >
              18
            </button>
            <button
              data-date="953424000000"
              type="button"
            >
              19
            </button>
            <button
              data-date="953510400000"
              type="button"
            >
              20
            </button>
            <button
              data-date="953596800000"
              type="button"
            >
              21
            </button>
            <button
              data-date="953683200000"
              type="button"
            >
              22
            </button>
            <button
              data-date="953769600000"
              type="button"
            >
              23
            </button>
            <button
              data-date="953856000000"
              type="button"
            >
              24
            </button>
            <button
              data-date="953942400000"
              type="button"
            >
              25
            </button>
            <button
              data-date="954028800000"
              type="button"
            >
              26
            </button>
            <button
              data-date="954115200000"
              type="button"
            >
              27
            </button>
            <button
              data-date="954201600000"
              type="button"
            >
              28
            </button>
            <button
              data-date="954288000000"
              type="button"
            >
              29
            </button>
            <button
              data-date="954374400000"
              type="button"
            >
              30
            </button>
            <button
              data-date="954460800000"
              type="button"
            >
              31
            </button>
            <button
              data-date=""
              disabled=""
              type="button"
            />
            <button
              data-date=""
              disabled=""
              type="button"
            />
          </div>
        </div>
        <div
          class="daySelector md"
        >
          <div
            class="header"
          >
            <div
              class="headerMonthYearButtonContainer"
            >
              <button
                disabled=""
                type="button"
              >
                Nisan
              </button>
              <button
                disabled=""
                type="button"
              >
                2000
              </button>
            </div>
          </div>
          <div
            class="weekDays"
          >
            <span>
              Pt
            </span>
            <span>
              Sa
            </span>
            <span>
              Çr
            </span>
            <span>
              Pe
            </span>
            <span>
              Cu
            </span>
            <span>
              Ct
            </span>
            <span>
              Pz
            </span>
          </div>
          <div
            class="days"
            data-testid="DatePickerDayContainer"
          >
            <button
              data-date=""
              disabled=""
              type="button"
            />
            <button
              data-date=""
              disabled=""
              type="button"
            />
            <button
              data-date=""
              disabled=""
              type="button"
            />
            <button
              data-date=""
              disabled=""
              type="button"
            />
            <button
              data-date=""
              disabled=""
              type="button"
            />
            <button
              data-date="954547200000"
              type="button"
            >
              1
            </button>
            <button
              data-date="954633600000"
              type="button"
            >
              2
            </button>
            <button
              data-date="954720000000"
              type="button"
            >
              3
            </button>
            <button
              data-date="954806400000"
              type="button"
            >
              4
            </button>
            <button
              data-date="954892800000"
              type="button"
            >
              5
            </button>
            <button
              data-date="954979200000"
              type="button"
            >
              6
            </button>
            <button
              data-date="955065600000"
              type="button"
            >
              7
            </button>
            <button
              data-date="955152000000"
              type="button"
            >
              8
            </button>
            <button
              data-date="955238400000"
              type="button"
            >
              9
            </button>
            <button
              data-date="955324800000"
              type="button"
            >
              10
            </button>
            <button
              data-date="955411200000"
              type="button"
            >
              11
            </button>
            <button
              data-date="955497600000"
              type="button"
            >
              12
            </button>
            <button
              data-date="955584000000"
              type="button"
            >
              13
            </button>
            <button
              data-date="955670400000"
              type="button"
            >
              14
            </button>
            <button
              data-date="955756800000"
              type="button"
            >
              15
            </button>
            <button
              data-date="955843200000"
              type="button"
            >
              16
            </button>
            <button
              data-date="955929600000"
              type="button"
            >
              17
            </button>
            <button
              data-date="956016000000"
              type="button"
            >
              18
            </button>
            <button
              data-date="956102400000"
              type="button"
            >
              19
            </button>
            <button
              data-date="956188800000"
              type="button"
            >
              20
            </button>
            <button
              data-date="956275200000"
              type="button"
            >
              21
            </button>
            <button
              data-date="956361600000"
              type="button"
            >
              22
            </button>
            <button
              data-date="956448000000"
              type="button"
            >
              23
            </button>
            <button
              data-date="956534400000"
              type="button"
            >
              24
            </button>
            <button
              data-date="956620800000"
              type="button"
            >
              25
            </button>
            <button
              data-date="956707200000"
              type="button"
            >
              26
            </button>
            <button
              data-date="956793600000"
              type="button"
            >
              27
            </button>
            <button
              data-date="956880000000"
              type="button"
            >
              28
            </button>
            <button
              data-date="956966400000"
              type="button"
            >
              29
            </button>
            <button
              data-date="957052800000"
              type="button"
            >
              30
            </button>
          </div>
        </div>
      </div>
    </div>
    <div
      class="actions"
    >
      <button
        class="Root secondary solid md"
        type="button"
      >
        <span>
          Clear
        </span>
      </button>
      <button
        class="Root primary solid md"
        type="button"
      >
        <span>
          OK
        </span>
      </button>
    </div>
  </div>
</div>
`;
